using System;
using System.Collections.Generic;

namespace E2ETest.Namespace
{
    public partial class OneToOneFktoUniqueKeyPrincipal
    {
        public OneToOneFktoUniqueKeyPrincipal()
        {
            OneToOneFktoUniqueKeyDependent = new HashSet<OneToOneFktoUniqueKeyDependent>();
        }

        public int OneToOneFktoUniqueKeyPrincipalId1 { get; set; }
        public int OneToOneFktoUniqueKeyPrincipalId2 { get; set; }
        public string SomePrincipalColumn { get; set; }
        public int OneToOneFktoUniqueKeyPrincipalUniqueKey1 { get; set; }
        public int OneToOneFktoUniqueKeyPrincipalUniqueKey2 { get; set; }

        public ICollection<OneToOneFktoUniqueKeyDependent> OneToOneFktoUniqueKeyDependent { get; set; }
    }
}
