using System;
using System.Collections.Generic;
using System.ComponentModel.DataAnnotations;
using System.ComponentModel.DataAnnotations.Schema;

namespace E2ETest.Namespace.SubDir
{
    public partial class ReferredToByTableWithUnmappablePrimaryKeyColumn
    {
        public ReferredToByTableWithUnmappablePrimaryKeyColumn()
        {
            TableWithUnmappablePrimaryKeyColumn = new HashSet<TableWithUnmappablePrimaryKeyColumn>();
        }

        [Column("ReferredToByTableWithUnmappablePrimaryKeyColumnID")]
        public int ReferredToByTableWithUnmappablePrimaryKeyColumnId { get; set; }
        [Required]
        [Column("AColumn")]
        [StringLength(20)]
        public string Acolumn { get; set; }
        public int ValueGeneratedOnAddColumn { get; set; }

        [InverseProperty("TableWithUnmappablePrimaryKeyColumnFkNavigation")]
        public ICollection<TableWithUnmappablePrimaryKeyColumn> TableWithUnmappablePrimaryKeyColumn { get; set; }
    }
}
